10:10:53 **** Incremental Build of configuration Debug for project sparrow ****
make -j20 all 
arm-none-eabi-gcc "C:/Users/chand/Essentials/sparrow-lorawan-2/sparrow-lorawan-2/Drivers/STM32WLxx_HAL_Driver/Src/stm32wlxx_hal_uart.c" -mcpu=cortex-m4 -std=gnu11 -g3 -DDEBUG -DCORE_CM4 -DSTM32WL55xx -DUSE_HAL_DRIVER -c -I../../ -I../../App -I../../Sensor -I../../Core/Inc -I../../Core/Radio -I../../../Drivers/CMSIS/Include -I../../../Drivers/STM32WLxx_HAL_Driver/Inc -I../../../Drivers/STM32WLxx_HAL_Driver/Inc/Legacy -I../../../Utilities/trace/adv_trace -I../../../Utilities/misc -I../../../Utilities/sequencer -I../../../Utilities/timer -I../../../Utilities/lpm/tiny_lpm -I../../../Middlewares/Third_Party/LoRaWAN/LmHandler/Packages -I../../../Middlewares/Third_Party/SubGHz_Phy -I../../../Middlewares/Third_Party/SubGHz_Phy/stm32_radio_driver -I../../../Drivers/CMSIS/Device/ST/STM32WLxx/Include -I../../../Middlewares/Third_Party/LoRaWAN/Crypto -I../../../Middlewares/Third_Party/LoRaWAN/Mac/Region -I../../../Middlewares/Third_Party/LoRaWAN/Mac -I../../../Middlewares/Third_Party/LoRaWAN/LmHandler -I../../../Middlewares/Third_Party/LoRaWAN/Utilities -Og -ffunction-sections -fdata-sections -Wall -fstack-usage -MMD -MP -MF"Drivers/STM32WLxx_HAL_Driver/stm32wlxx_hal_uart.d" -MT"Drivers/STM32WLxx_HAL_Driver/stm32wlxx_hal_uart.o" --specs=nano.specs -mfloat-abi=soft -mthumb -o "Drivers/STM32WLxx_HAL_Driver/stm32wlxx_hal_uart.o"
arm-none-eabi-gcc "C:/Users/chand/Essentials/sparrow-lorawan-2/sparrow-lorawan-2/Drivers/STM32WLxx_HAL_Driver/Src/stm32wlxx_hal_uart_ex.c" -mcpu=cortex-m4 -std=gnu11 -g3 -DDEBUG -DCORE_CM4 -DSTM32WL55xx -DUSE_HAL_DRIVER -c -I../../ -I../../App -I../../Sensor -I../../Core/Inc -I../../Core/Radio -I../../../Drivers/CMSIS/Include -I../../../Drivers/STM32WLxx_HAL_Driver/Inc -I../../../Drivers/STM32WLxx_HAL_Driver/Inc/Legacy -I../../../Utilities/trace/adv_trace -I../../../Utilities/misc -I../../../Utilities/sequencer -I../../../Utilities/timer -I../../../Utilities/lpm/tiny_lpm -I../../../Middlewares/Third_Party/LoRaWAN/LmHandler/Packages -I../../../Middlewares/Third_Party/SubGHz_Phy -I../../../Middlewares/Third_Party/SubGHz_Phy/stm32_radio_driver -I../../../Drivers/CMSIS/Device/ST/STM32WLxx/Include -I../../../Middlewares/Third_Party/LoRaWAN/Crypto -I../../../Middlewares/Third_Party/LoRaWAN/Mac/Region -I../../../Middlewares/Third_Party/LoRaWAN/Mac -I../../../Middlewares/Third_Party/LoRaWAN/LmHandler -I../../../Middlewares/Third_Party/LoRaWAN/Utilities -Og -ffunction-sections -fdata-sections -Wall -fstack-usage -MMD -MP -MF"Drivers/STM32WLxx_HAL_Driver/stm32wlxx_hal_uart_ex.d" -MT"Drivers/STM32WLxx_HAL_Driver/stm32wlxx_hal_uart_ex.o" --specs=nano.specs -mfloat-abi=soft -mthumb -o "Drivers/STM32WLxx_HAL_Driver/stm32wlxx_hal_uart_ex.o"
arm-none-eabi-gcc "C:/Users/chand/Essentials/sparrow-lorawan-2/sparrow-lorawan-2/Application/Core/Src/main.c" -mcpu=cortex-m4 -std=gnu11 -g3 -DDEBUG -DCORE_CM4 -DSTM32WL55xx -DUSE_HAL_DRIVER -c -I../../ -I../../App -I../../Sensor -I../../Core/Inc -I../../Core/Radio -I../../../Drivers/CMSIS/Include -I../../../Drivers/STM32WLxx_HAL_Driver/Inc -I../../../Drivers/STM32WLxx_HAL_Driver/Inc/Legacy -I../../../Utilities/trace/adv_trace -I../../../Utilities/misc -I../../../Utilities/sequencer -I../../../Utilities/timer -I../../../Utilities/lpm/tiny_lpm -I../../../Middlewares/Third_Party/LoRaWAN/LmHandler/Packages -I../../../Middlewares/Third_Party/SubGHz_Phy -I../../../Middlewares/Third_Party/SubGHz_Phy/stm32_radio_driver -I../../../Drivers/CMSIS/Device/ST/STM32WLxx/Include -I../../../Middlewares/Third_Party/LoRaWAN/Crypto -I../../../Middlewares/Third_Party/LoRaWAN/Mac/Region -I../../../Middlewares/Third_Party/LoRaWAN/Mac -I../../../Middlewares/Third_Party/LoRaWAN/LmHandler -I../../../Middlewares/Third_Party/LoRaWAN/Utilities -Og -ffunction-sections -fdata-sections -Wall -fstack-usage -MMD -MP -MF"Application/Core/main.d" -MT"Application/Core/main.o" --specs=nano.specs -mfloat-abi=soft -mthumb -o "Application/Core/main.o"
C:/Users/chand/Essentials/sparrow-lorawan-2/sparrow-lorawan-2/Application/Core/Src/main.c:64:23: warning: integer constant is too large for its type
   64 | uint8_t TxData[16] = {0x04030000080002459C};
      |                       ^~~~~~~~~~~~~~~~~~~~
C:/Users/chand/Essentials/sparrow-lorawan-2/sparrow-lorawan-2/Application/Core/Src/main.c:64:23: warning: unsigned conversion from 'long long int' to 'unsigned char' changes value from '216172816473671068' to '156' [-Woverflow]
C:/Users/chand/Essentials/sparrow-lorawan-2/sparrow-lorawan-2/Application/Core/Src/main.c: In function 'sendData':
C:/Users/chand/Essentials/sparrow-lorawan-2/sparrow-lorawan-2/Application/Core/Src/main.c:76:43: warning: pointer targets in passing argument 1 of 'strlen' differ in signedness [-Wpointer-sign]
   76 |  HAL_UART_Transmit(&huart1, data, strlen (data) , 1000);
      |                                           ^~~~
      |                                           |
      |                                           uint8_t * {aka unsigned char *}
In file included from ../../Core/Inc/main.h:9,
                 from C:/Users/chand/Essentials/sparrow-lorawan-2/sparrow-lorawan-2/Application/Core/Src/main.c:5:
c:\st\stm32cubeide_1.11.0\stm32cubeide\plugins\com.st.stm32cube.ide.mcu.externaltools.gnu-tools-for-stm32.10.3-2021.10.win32_1.0.100.202210260954\tools\arm-none-eabi\include\string.h:41:17: note: expected 'const char *' but argument is of type 'uint8_t *' {aka 'unsigned char *'}
   41 | size_t  strlen (const char *);
      |                 ^~~~~~~~~~~~
arm-none-eabi-gcc -o "sparrow.elf" @"objects.list"   -mcpu=cortex-m4 -T"C:\Users\chand\Essentials\sparrow-lorawan-2\sparrow-lorawan-2\Application\STM32CubeIDE\STM32WL55JCIX_FLASH.ld" --specs=nosys.specs -Wl,-Map="sparrow.map" -Wl,--gc-sections -static --specs=nano.specs -mfloat-abi=soft -mthumb -Wl,--start-group -lc -lm -Wl,--end-group
Finished building target: sparrow.elf
 
arm-none-eabi-size   sparrow.elf 
arm-none-eabi-objdump -h -S  sparrow.elf  > "sparrow.list"
   text	   data	    bss	    dec	    hex	filename
  22304	     32	   6064	  28400	   6ef0	sparrow.elf
Finished building: default.size.stdout
 
Finished building: sparrow.list
 

10:10:54 Build Finished. 0 errors, 3 warnings. (took 1s.435ms)

